I'm sorry, but errors were detected in your script. Please correct the
errors listed below, and try again.


File "game/script.rpy", line 15: expected statement.
    nvle clean
              ^

Ren'Py Version: Ren'Py 8.3.4.24120703
Sat Mar 29 13:08:04 2025
